Error at line 5: Assignment to type 'null' with type 'int' is illegal.