Error at line 7: Variable 'S1' is not declared.
Error at line 7: Variable 'S2' is not declared.