Error at line 3: Variable 'S1' is already declared.